I/am_destroy_service( 1412): [1083549224,com.amazon.dcp/.ota.UpdatesLookupService,5896]
I/am_destroy_service( 1412): [1082952304,com.cooliris.media/com.cooliris.cache.CacheService,5883]
I/am_create_service( 1412): [1085384576,com.amazon.kindle.otter/.provcache.CacheService,act=com.amazon.provider.CONTENT_BULK_UPDATE dat=content://com.amazon.kindle.bookmetadataprovider/allContent,1494]
I/am_destroy_service( 1412): [1085384576,com.amazon.kindle.otter/.provcache.CacheService,1494]
I/am_destroy_service( 1412): [1083082792,com.android.providers.media/.MediaScannerService,5406]
I/am_pause_activity( 1412): [1082227200,com.amazon.kindle.otter/.Launcher]
I/am_task_to_front( 1412): 63
I/am_create_activity( 1412): [1083111800,63,cx.hell.android.pdfviewpro/.ChooseFileActivity,android.intent.action.MAIN,NULL,NULL,274726912]
I/am_create_service( 1412): [1085205536,com.amazon.kindle.otter/.provcache.CacheService,act=com.amazon.provider.CONTENT_BULK_UPDATE dat=content://com.amazon.gardemanger/content,1494]
I/am_on_paused_called( 1494): com.amazon.kindle.otter.Launcher
I/am_restart_activity( 1412): [1083111800,63,cx.hell.android.pdfviewpro/.ChooseFileActivity]
I/am_on_resume_called( 5910): cx.hell.android.pdfviewpro.ChooseFileActivity
I/am_destroy_service( 1412): [1085205536,com.amazon.kindle.otter/.provcache.CacheService,1494]
I/am_pause_activity( 1412): [1083111800,cx.hell.android.pdfviewpro/.ChooseFileActivity]
I/am_task_to_front( 1412): 2
I/am_new_intent( 1412): [1083157248,2,com.amazon.kindle.otter/.Launcher,android.intent.action.MAIN,NULL,NULL,274726912]
I/am_on_paused_called( 5910): cx.hell.android.pdfviewpro.ChooseFileActivity
I/am_resume_activity( 1412): [1082227200,2,com.amazon.kindle.otter/.Launcher]
I/am_on_resume_called( 1494): com.amazon.kindle.otter.Launcher
I/am_pause_activity( 1412): [1082227200,com.amazon.kindle.otter/.Launcher]
I/am_task_to_front( 1412): 57
I/am_finish_activity( 1412): [1081431704,57,cx.hell.android.pdfview/.OpenFileActivity,reset]
I/am_destroy_activity( 1412): [1081431704,57,cx.hell.android.pdfview/.OpenFileActivity]
I/am_on_paused_called( 1494): com.amazon.kindle.otter.Launcher
I/am_proc_start( 1412): [5969,10034,cx.hell.android.pdfview,activity,cx.hell.android.pdfview/.ChooseFileActivity]
I/am_proc_bound( 1412): [5969,cx.hell.android.pdfview]
I/am_restart_activity( 1412): [1081958456,57,cx.hell.android.pdfview/.ChooseFileActivity]
I/am_on_resume_called( 5969): cx.hell.android.pdfview.ChooseFileActivity
I/am_create_service( 1412): [1084699032,com.amazon.kindle.otter/.provcache.CacheService,act=com.amazon.provider.CONTENT_UPDATE dat=content://com.amazon.gardemanger/content/cx.hell.android.pdfview,1494]
I/am_destroy_service( 1412): [1084699032,com.amazon.kindle.otter/.provcache.CacheService,1494]
I/am_pause_activity( 1412): [1081958456,cx.hell.android.pdfview/.ChooseFileActivity]
I/am_task_to_front( 1412): 2
I/am_new_intent( 1412): [1079173552,2,com.amazon.kindle.otter/.Launcher,android.intent.action.MAIN,NULL,NULL,274726912]
I/am_on_paused_called( 5969): cx.hell.android.pdfview.ChooseFileActivity
I/am_resume_activity( 1412): [1082227200,2,com.amazon.kindle.otter/.Launcher]
I/am_kill ( 1412): [4893,com.svox.pico,14,too many background]
I/am_on_resume_called( 1494): com.amazon.kindle.otter.Launcher
I/am_proc_died( 1412): [4893,com.svox.pico]
I/am_pause_activity( 1412): [1082227200,com.amazon.kindle.otter/.Launcher]
I/am_task_to_front( 1412): 55
I/am_on_paused_called( 1494): com.amazon.kindle.otter.Launcher
I/am_proc_start( 1412): [5985,10047,com.trimble.outdoors.mapviewer,activity,com.trimble.outdoors.mapviewer/.MapViewerMapActivity]
I/am_proc_bound( 1412): [5985,com.trimble.outdoors.mapviewer]
I/am_restart_activity( 1412): [1080057624,55,com.trimble.outdoors.mapviewer/.MapViewerMapActivity]
I/am_create_activity( 1412): [1079651224,55,com.trimble.outdoors.mapviewer/.MapViewerSplashActivity,NULL,NULL,NULL,0]
I/am_pause_activity( 1412): [1080057624,com.trimble.outdoors.mapviewer/.MapViewerMapActivity]
I/am_restart_activity( 1412): [1079651224,55,com.trimble.outdoors.mapviewer/.MapViewerSplashActivity]
I/am_create_service( 1412): [1085250104,com.amazon.venezia/.service.command.CommandServiceImpl,act=com.amazon.venezia.CommandService,17317]
I/am_on_resume_called( 5985): com.trimble.outdoors.mapviewer.MapViewerMapActivity
I/am_on_paused_called( 5985): com.trimble.outdoors.mapviewer.MapViewerMapActivity
I/am_failed_to_pause( 1412): [1080057624,com.trimble.outdoors.mapviewer/.MapViewerMapActivity,(none)]
I/am_on_resume_called( 5985): com.trimble.outdoors.mapviewer.MapViewerSplashActivity
I/am_create_service( 1412): [1085205536,com.amazon.kindle.otter/.provcache.CacheService,act=com.amazon.provider.CONTENT_UPDATE dat=content://com.amazon.gardemanger/content/com.trimble.outdoors.mapviewer,1494]
I/am_destroy_service( 1412): [1085205536,com.amazon.kindle.otter/.provcache.CacheService,1494]
I/am_destroy_service( 1412): [1085250104,com.amazon.venezia/.service.command.CommandServiceImpl,17317]
I/am_finish_activity( 1412): [1079651224,55,com.trimble.outdoors.mapviewer/.MapViewerSplashActivity,app-request]
I/am_pause_activity( 1412): [1079651224,com.trimble.outdoors.mapviewer/.MapViewerSplashActivity]
I/am_on_paused_called( 5985): com.trimble.outdoors.mapviewer.MapViewerSplashActivity
I/am_resume_activity( 1412): [1080057624,55,com.trimble.outdoors.mapviewer/.MapViewerMapActivity]
I/am_on_resume_called( 5985): com.trimble.outdoors.mapviewer.MapViewerMapActivity
I/am_destroy_activity( 1412): [1079651224,55,com.trimble.outdoors.mapviewer/.MapViewerSplashActivity]
I/am_create_service( 1412): [1084990288,com.amazon.kindle.otter/.provcache.CacheService,act=com.amazon.provider.CONTENT_UPDATE dat=content://com.amazon.gardemanger/content/com.trimble.outdoors.mapviewer,1494]
I/am_destroy_service( 1412): [1084990288,com.amazon.kindle.otter/.provcache.CacheService,1494]
I/am_pause_activity( 1412): [1080057624,com.trimble.outdoors.mapviewer/.MapViewerMapActivity]
I/am_task_to_front( 1412): 2
I/am_new_intent( 1412): [1081035464,2,com.amazon.kindle.otter/.Launcher,android.intent.action.MAIN,NULL,NULL,274726912]
I/am_on_paused_called( 5985): com.trimble.outdoors.mapviewer.MapViewerMapActivity
I/am_resume_activity( 1412): [1082227200,2,com.amazon.kindle.otter/.Launcher]
I/am_kill ( 1412): [5703,com.qo.android.oemvc:remote,14,too many background]
I/am_on_resume_called( 1494): com.amazon.kindle.otter.Launcher
I/am_proc_died( 1412): [5703,com.qo.android.oemvc:remote]
I/am_pause_activity( 1412): [1082227200,com.amazon.kindle.otter/.Launcher]
I/am_task_to_front( 1412): 57
I/am_on_paused_called( 1494): com.amazon.kindle.otter.Launcher
I/am_resume_activity( 1412): [1081958456,57,cx.hell.android.pdfview/.ChooseFileActivity]
I/am_on_resume_called( 5969): cx.hell.android.pdfview.ChooseFileActivity
I/am_create_service( 1412): [1082948480,com.amazon.kindle.otter/.provcache.CacheService,act=com.amazon.provider.CONTENT_UPDATE dat=content://com.amazon.gardemanger/content/cx.hell.android.pdfview,1494]
I/am_destroy_service( 1412): [1082948480,com.amazon.kindle.otter/.provcache.CacheService,1494]
I/am_destroy_service( 1412): [1081185408,com.amazon.venezia/com.amazon.mas.client.framework.UpdateService,17317]
I/am_relaunch_resume_activity( 1412): [1081958456,57,cx.hell.android.pdfview/.ChooseFileActivity]
I/am_on_paused_called( 5969): cx.hell.android.pdfview.ChooseFileActivity
I/am_on_resume_called( 5969): cx.hell.android.pdfview.ChooseFileActivity
I/am_create_service( 1412): [1084342192,com.amazon.kindle.otter/.provcache.CacheService,act=com.amazon.provider.CONTENT_UPDATE dat=content://com.amazon.gardemanger/content/cx.hell.android.pdfview,1494]
I/am_destroy_service( 1412): [1084342192,com.amazon.kindle.otter/.provcache.CacheService,1494]
I/am_relaunch_resume_activity( 1412): [1081958456,57,cx.hell.android.pdfview/.ChooseFileActivity]
I/am_on_paused_called( 5969): cx.hell.android.pdfview.ChooseFileActivity
I/am_on_resume_called( 5969): cx.hell.android.pdfview.ChooseFileActivity
I/am_create_service( 1412): [1083257144,com.amazon.kindle.otter/.provcache.CacheService,act=com.amazon.provider.CONTENT_UPDATE dat=content://com.amazon.gardemanger/content/cx.hell.android.pdfview,1494]
I/am_destroy_service( 1412): [1083257144,com.amazon.kindle.otter/.provcache.CacheService,1494]
I/am_pause_activity( 1412): [1081958456,cx.hell.android.pdfview/.ChooseFileActivity]
I/am_task_to_front( 1412): 2
I/am_new_intent( 1412): [1080337776,2,com.amazon.kindle.otter/.Launcher,android.intent.action.MAIN,NULL,NULL,274726912]
I/am_on_paused_called( 5969): cx.hell.android.pdfview.ChooseFileActivity
I/am_resume_activity( 1412): [1082227200,2,com.amazon.kindle.otter/.Launcher]
I/am_on_resume_called( 1494): com.amazon.kindle.otter.Launcher
I/am_kill ( 1412): [5710,com.qo.android.oemvc,14,too many background]
I/am_proc_died( 1412): [5710,com.qo.android.oemvc]
I/am_pause_activity( 1412): [1082227200,com.amazon.kindle.otter/.Launcher]
I/am_task_to_front( 1412): 55
I/am_on_paused_called( 1494): com.amazon.kindle.otter.Launcher
I/am_resume_activity( 1412): [1080057624,55,com.trimble.outdoors.mapviewer/.MapViewerMapActivity]
I/am_failed_to_pause( 1412): [1082227200,com.amazon.kindle.otter/.Launcher,(none)]
I/am_on_resume_called( 5985): com.trimble.outdoors.mapviewer.MapViewerMapActivity
I/am_create_service( 1412): [1081335440,com.amazon.kindle.otter/.provcache.CacheService,act=com.amazon.provider.CONTENT_UPDATE dat=content://com.amazon.gardemanger/content/com.trimble.outdoors.mapviewer,1494]
I/am_destroy_service( 1412): [1081335440,com.amazon.kindle.otter/.provcache.CacheService,1494]
I/am_pause_activity( 1412): [1080057624,com.trimble.outdoors.mapviewer/.MapViewerMapActivity]
I/am_task_to_front( 1412): 2
I/am_new_intent( 1412): [1083068592,2,com.amazon.kindle.otter/.Launcher,android.intent.action.MAIN,NULL,NULL,274726912]
I/am_on_paused_called( 5985): com.trimble.outdoors.mapviewer.MapViewerMapActivity
I/am_resume_activity( 1412): [1082227200,2,com.amazon.kindle.otter/.Launcher]
I/am_on_resume_called( 1494): com.amazon.kindle.otter.Launcher
I/am_pause_activity( 1412): [1082227200,com.amazon.kindle.otter/.Launcher]
I/am_task_to_front( 1412): 57
I/am_on_paused_called( 1494): com.amazon.kindle.otter.Launcher
I/am_resume_activity( 1412): [1081958456,57,cx.hell.android.pdfview/.ChooseFileActivity]
I/am_on_resume_called( 5969): cx.hell.android.pdfview.ChooseFileActivity
I/am_create_service( 1412): [1081873400,com.amazon.kindle.otter/.provcache.CacheService,act=com.amazon.provider.CONTENT_UPDATE dat=content://com.amazon.gardemanger/content/cx.hell.android.pdfview,1494]
I/am_destroy_service( 1412): [1081873400,com.amazon.kindle.otter/.provcache.CacheService,1494]
I/am_pause_activity( 1412): [1081958456,cx.hell.android.pdfview/.ChooseFileActivity]
I/am_task_to_front( 1412): 2
I/am_new_intent( 1412): [1083131056,2,com.amazon.kindle.otter/.Launcher,android.intent.action.MAIN,NULL,NULL,274726912]
I/am_on_paused_called( 5969): cx.hell.android.pdfview.ChooseFileActivity
I/am_resume_activity( 1412): [1082227200,2,com.amazon.kindle.otter/.Launcher]
I/am_on_resume_called( 1494): com.amazon.kindle.otter.Launcher
I/am_pause_activity( 1412): [1082227200,com.amazon.kindle.otter/.Launcher]
I/am_on_paused_called( 1494): com.amazon.kindle.otter.Launcher
I/am_create_service( 1412): [1085386800,com.amazon.dcp/.ota.OTAService,act=com.amazon.dcp.ota.action.PROCESS_UPDATES,17391]
I/am_destroy_service( 1412): [1085386800,com.amazon.dcp/.ota.OTAService,17391]
I/am_create_service( 1412): [1082765912,com.amazon.kindle.otter/.imagecache.ImageEvictionService,act=evictUneededImages,1494]
I/am_destroy_service( 1412): [1082765912,com.amazon.kindle.otter/.imagecache.ImageEvictionService,1494]
I/am_create_service( 1412): [1082631456,com.amazon.dcp/.messaging.MessageProcessingSchedulerService,act=com.amazon.dcp.messaging.action.CONNECTIVITY_CHANGE,1542]
I/am_create_service( 1412): [1082564944,com.amazon.dcp/.ota.OTAService,act=com.amazon.dcp.ota.action.PROCESS_UPDATES,17391]
I/am_create_service( 1412): [1081873400,com.amazon.email/.service.MailService,act=com.amazon.email.intent.action.MAIL_SERVICE_CONNECTIVITY_CHANGE,17401]
I/am_create_service( 1412): [1081335440,com.amazon.email/.service.PushService,act=com.amazon.email.service.PushService.stopService,17401]
I/am_destroy_service( 1412): [1082564944,com.amazon.dcp/.ota.OTAService,17391]
I/am_destroy_service( 1412): [1082631456,com.amazon.dcp/.messaging.MessageProcessingSchedulerService,1542]
I/am_destroy_service( 1412): [1081335440,com.amazon.email/.service.PushService,17401]
I/am_destroy_service( 1412): [1081887120,com.amazon.avod/.service.SyncService,13993]
I/am_proc_start( 1412): [6103,10040,getjar.android.client,broadcast,getjar.android.client/.NetworkMonitor]
I/am_proc_bound( 1412): [6103,getjar.android.client]
I/am_kill ( 1412): [5523,com.amazon.cloud9,14,too many background]
I/am_proc_died( 1412): [5523,com.amazon.cloud9]
I/am_destroy_service( 1412): [1081281904,com.amazon.cloud9/.proxy.ProxyService,5523]
I/am_resume_activity( 1412): [1082227200,2,com.amazon.kindle.otter/.Launcher]
I/am_create_service( 1412): [1081434656,com.amazon.dcp/.ota.OTAService,act=com.amazon.dcp.ota.action.PROCESS_UPDATES,17391]
I/am_on_resume_called( 1494): com.amazon.kindle.otter.Launcher
I/am_destroy_service( 1412): [1081434656,com.amazon.dcp/.ota.OTAService,17391]
I/am_create_task( 1412): 65
I/am_create_activity( 1412): [1083509112,65,com.android.systemui/.usb.UsbStorageActivity,NULL,NULL,NULL,276824064]
I/am_pause_activity( 1412): [1082227200,com.amazon.kindle.otter/.Launcher]
I/am_create_service( 1412): [1085254816,getjar.android.client/.global.GetJarServiceWorker,,6103]
I/am_create_service( 1412): [1082937368,com.amazon.email/.service.PushService,act=com.amazon.email.service.PushService.stopService,17401]
I/am_destroy_service( 1412): [1082937368,com.amazon.email/.service.PushService,17401]
I/am_on_paused_called( 1494): com.amazon.kindle.otter.Launcher
I/am_create_service( 1412): [1085530464,getjar.android.client/.global.DoStatReceiver,,6103]
I/am_destroy_service( 1412): [1085254816,getjar.android.client/.global.GetJarServiceWorker,6103]
I/am_restart_activity( 1412): [1083509112,65,com.android.systemui/.usb.UsbStorageActivity]
I/am_on_resume_called( 1478): com.android.systemui.usb.UsbStorageActivity
I/am_create_service( 1412): [1085322280,com.amazon.email/.service.PushService,act=com.amazon.email.service.PushService.stopService,17401]
I/am_destroy_service( 1412): [1085322280,com.amazon.email/.service.PushService,17401]
I/am_create_service( 1412): [1085252096,com.amazon.email/.service.PushService,act=com.amazon.email.service.PushService.stopService,17401]
I/am_destroy_service( 1412): [1085252096,com.amazon.email/.service.PushService,17401]
I/am_kill ( 1412): [5883,com.cooliris.media,12,unmount media]
I/am_kill ( 1412): [5985,com.trimble.outdoors.mapviewer,11,unmount media]
I/am_proc_died( 1412): [5883,com.cooliris.media]
I/am_proc_died( 1412): [5985,com.trimble.outdoors.mapviewer]
I/am_proc_start( 1412): [6174,10018,com.cooliris.media,broadcast,com.cooliris.media/com.cooliris.cache.BootReceiver]
I/am_destroy_service( 1412): [1085530464,getjar.android.client/.global.DoStatReceiver,6103]
I/am_proc_bound( 1412): [6174,com.cooliris.media]
I/am_create_service( 1412): [1083849216,com.amazon.dcp/.messaging.MessageProcessingSchedulerService,act=com.amazon.dcp.messaging.action.CONNECTIVITY_CHANGE,1542]
I/am_create_service( 1412): [1082922104,com.amazon.dcp/.ota.InventoryUploadService,act=com.amazon.dcp.ota.action.UPLOAD_INVENTORY,1542]
I/am_create_service( 1412): [1083813912,com.amazon.dcp/.ota.OTAService,act=com.amazon.dcp.ota.action.PROCESS_UPDATES,17391]
I/am_destroy_service( 1412): [1083849216,com.amazon.dcp/.messaging.MessageProcessingSchedulerService,1542]
I/am_wtf  ( 1412): [5416,com.audible.application.kindle,572997,FileObserver,Unhandled exception in FileObserver com.mobipocket.jsr75.filesystem.AndroidFileSystemPathDescriptor$1@4052a560]
I/am_destroy_service( 1412): [1083813912,com.amazon.dcp/.ota.OTAService,17391]
I/am_create_service( 1412): [1084959824,com.amazon.kindle/com.amazon.kcp.service.ContentActionService,act=com.amazon.kindle.action.SYNC_METADATA,5372]
I/am_wtf  ( 1412): [5416,com.audible.application.kindle,572997,FileObserver,Unhandled exception in FileObserver com.mobipocket.jsr75.filesystem.AndroidFileSystemPathDescriptor$1@4052a560]
I/am_destroy_service( 1412): [1084959824,com.amazon.kindle/com.amazon.kcp.service.ContentActionService,5372]
I/am_create_service( 1412): [1084945816,com.android.providers.downloads/.DownloadService,,5406]
I/am_create_service( 1412): [1085189456,com.amazon.email/.service.PushService,act=com.amazon.email.service.PushService.stopService,17401]
I/am_destroy_service( 1412): [1085189456,com.amazon.email/.service.PushService,17401]
I/am_create_service( 1412): [1085113760,com.amazon.kindle/com.amazon.kcp.services.TPHClientService,act=com.amazon.dcp.tph.action.TPHClientInfoProvider,5372]
I/am_create_service( 1412): [1084786784,com.amazon.venezia/com.amazon.mas.client.framework.UpdateService,act=com.amazon.mas.client.framework.UpdateService.CONN_CHANGED,17317]
I/am_create_service( 1412): [1084564808,com.amazon.avod/.service.SyncService,,13993]
I/am_create_service( 1412): [1084504288,getjar.android.client/.global.DoStatReceiver,,6103]
I/am_destroy_service( 1412): [1081873400,com.amazon.email/.service.MailService,17401]
I/am_create_service( 1412): [1082631456,com.audible.application.kindle/com.amazon.kcp.services.TPHClientService,act=com.amazon.dcp.tph.action.TPHClientInfoProvider,5416]
I/am_create_service( 1412): [1084503464,com.audible.application.kindle/com.amazon.kcp.service.ContentActionService,act=com.audible.application.kindle.action.SYNC_METADATA,5416]
I/am_destroy_service( 1412): [1085113760,com.amazon.kindle/com.amazon.kcp.services.TPHClientService,5372]
I/am_destroy_service( 1412): [1082631456,com.audible.application.kindle/com.amazon.kcp.services.TPHClientService,5416]
I/am_destroy_service( 1412): [1082922104,com.amazon.dcp/.ota.InventoryUploadService,1542]
I/am_destroy_service( 1412): [1084945816,com.android.providers.downloads/.DownloadService,5406]
I/am_destroy_service( 1412): [1084786784,com.amazon.venezia/com.amazon.mas.client.framework.UpdateService,17317]
I/am_create_service( 1412): [1084459552,com.amazon.dcp/.ota.UpdatesLookupService,act=com.amazon.dcp.ota.action.CHECK_FOR_UPDATES,5896]
I/am_destroy_service( 1412): [1084459552,com.amazon.dcp/.ota.UpdatesLookupService,5896]
I/am_create_service( 1412): [1084091976,com.amazon.dcp/.config.DynamicConfigOptionsChangedService,,1542]
I/am_destroy_service( 1412): [1084091976,com.amazon.dcp/.config.DynamicConfigOptionsChangedService,1542]
I/am_create_service( 1412): [1083835304,com.amazon.kindle.otter/.provcache.CacheService,act=com.amazon.provider.CONTENT_BULK_UPDATE dat=content://com.amazon.kindle.bookmetadataprovider/allContent,1494]
I/am_destroy_service( 1412): [1084503464,com.audible.application.kindle/com.amazon.kcp.service.ContentActionService,5416]
I/am_destroy_service( 1412): [1083835304,com.amazon.kindle.otter/.provcache.CacheService,1494]
I/am_create_service( 1412): [1083722320,com.amazon.dcp/.ota.UpdatesLookupService,act=com.amazon.dcp.ota.action.CHECK_FOR_UPDATES,5896]
I/am_finish_activity( 1412): [1083509112,65,com.android.systemui/.usb.UsbStorageActivity,app-request]
I/am_pause_activity( 1412): [1083509112,com.android.systemui/.usb.UsbStorageActivity]
I/am_on_paused_called( 1478): com.android.systemui.usb.UsbStorageActivity
I/am_resume_activity( 1412): [1082227200,2,com.amazon.kindle.otter/.Launcher]
I/am_destroy_service( 1412): [1083722320,com.amazon.dcp/.ota.UpdatesLookupService,5896]
I/am_on_resume_called( 1494): com.amazon.kindle.otter.Launcher
I/am_destroy_activity( 1412): [1083509112,65,com.android.systemui/.usb.UsbStorageActivity]
I/am_destroy_service( 1412): [1084504288,getjar.android.client/.global.DoStatReceiver,6103]
I/am_wtf  ( 1412): [5416,com.audible.application.kindle,572997,FileObserver,Unhandled exception in FileObserver com.mobipocket.jsr75.filesystem.AndroidFileSystemPathDescriptor$1@405d9e58]
I/am_create_service( 1412): [1083678056,com.amazon.dcp/.ota.UpdatesLookupService,act=com.amazon.dcp.ota.action.CHECK_FOR_UPDATES,5896]
I/am_create_service( 1412): [1083299808,com.android.providers.media/.MediaScannerService,,5406]
I/am_create_service( 1412): [1082839000,com.cooliris.media/com.cooliris.cache.CacheService,act=com.cooliris.cache.action.CACHE,6174]
I/am_destroy_service( 1412): [1083678056,com.amazon.dcp/.ota.UpdatesLookupService,5896]
I/am_create_service( 1412): [1082564944,com.amazon.venezia/com.amazon.mas.client.framework.UpdateService,act=com.amazon.mas.client.framework.UpdateService.SD_CARD_MOUNTED,17317]
I/am_destroy_service( 1412): [1082564944,com.amazon.venezia/com.amazon.mas.client.framework.UpdateService,17317]
I/am_destroy_service( 1412): [1082839000,com.cooliris.media/com.cooliris.cache.CacheService,6174]
I/am_destroy_service( 1412): [1083299808,com.android.providers.media/.MediaScannerService,5406]
I/am_create_service( 1412): [1084595712,com.amazon.kindle.otter/.provcache.CacheService,act=com.amazon.provider.CONTENT_BULK_UPDATE dat=content://com.amazon.kindle.bookmetadataprovider/allContent,1494]
I/am_destroy_service( 1412): [1084595712,com.amazon.kindle.otter/.provcache.CacheService,1494]
I/am_create_service( 1412): [1083021680,com.amazon.kindle.otter/.provcache.CacheService,act=com.amazon.provider.CONTENT_BULK_UPDATE dat=content://com.amazon.gardemanger/content,1494]
I/am_destroy_service( 1412): [1083021680,com.amazon.kindle.otter/.provcache.CacheService,1494]
I/am_pause_activity( 1412): [1082227200,com.amazon.kindle.otter/.Launcher]
I/am_task_to_front( 1412): 57
I/am_on_paused_called( 1494): com.amazon.kindle.otter.Launcher
I/am_resume_activity( 1412): [1081958456,57,cx.hell.android.pdfview/.ChooseFileActivity]
I/am_on_resume_called( 5969): cx.hell.android.pdfview.ChooseFileActivity
I/am_create_service( 1412): [1081240496,com.amazon.kindle.otter/.provcache.CacheService,act=com.amazon.provider.CONTENT_UPDATE dat=content://com.amazon.gardemanger/content/cx.hell.android.pdfview,1494]
I/am_destroy_service( 1412): [1081240496,com.amazon.kindle.otter/.provcache.CacheService,1494]
I/am_pause_activity( 1412): [1081958456,cx.hell.android.pdfview/.ChooseFileActivity]
I/am_task_to_front( 1412): 2
I/am_new_intent( 1412): [1082981752,2,com.amazon.kindle.otter/.Launcher,android.intent.action.MAIN,NULL,NULL,274726912]
I/am_on_paused_called( 5969): cx.hell.android.pdfview.ChooseFileActivity
I/am_resume_activity( 1412): [1082227200,2,com.amazon.kindle.otter/.Launcher]
I/am_on_resume_called( 1494): com.amazon.kindle.otter.Launcher
I/am_pause_activity( 1412): [1082227200,com.amazon.kindle.otter/.Launcher]
I/am_task_to_front( 1412): 57
I/am_on_paused_called( 1494): com.amazon.kindle.otter.Launcher
I/am_resume_activity( 1412): [1081958456,57,cx.hell.android.pdfview/.ChooseFileActivity]
I/am_on_resume_called( 5969): cx.hell.android.pdfview.ChooseFileActivity
I/am_create_service( 1412): [1085779048,com.amazon.kindle.otter/.provcache.CacheService,act=com.amazon.provider.CONTENT_UPDATE dat=content://com.amazon.gardemanger/content/cx.hell.android.pdfview,1494]
I/am_destroy_service( 1412): [1085779048,com.amazon.kindle.otter/.provcache.CacheService,1494]
I/am_create_task( 1412): 66
I/am_create_activity( 1412): [1080979368,66,mobi.omegacentauri.ScreenDim.Full/.ScreenDim,NULL,NULL,NULL,268435456]
I/am_pause_activity( 1412): [1081958456,cx.hell.android.pdfview/.ChooseFileActivity]
I/am_on_paused_called( 5969): cx.hell.android.pdfview.ChooseFileActivity
I/am_restart_activity( 1412): [1080979368,66,mobi.omegacentauri.ScreenDim.Full/.ScreenDim]
I/am_destroy_service( 1412): [1085249576,mobi.omegacentauri.ScreenDim.Full/.ScreenDimService,4814]
I/am_create_service( 1412): [1085325656,mobi.omegacentauri.ScreenDim.Full/.ScreenDimService,,4814]
I/am_on_resume_called( 4814): mobi.omegacentauri.ScreenDim.Full.ScreenDim
I/am_finish_activity( 1412): [1080979368,66,mobi.omegacentauri.ScreenDim.Full/.ScreenDim,app-request]
I/am_pause_activity( 1412): [1080979368,mobi.omegacentauri.ScreenDim.Full/.ScreenDim]
I/am_on_paused_called( 4814): mobi.omegacentauri.ScreenDim.Full.ScreenDim
I/am_resume_activity( 1412): [1081958456,57,cx.hell.android.pdfview/.ChooseFileActivity]
I/am_on_resume_called( 5969): cx.hell.android.pdfview.ChooseFileActivity
I/am_destroy_activity( 1412): [1080979368,66,mobi.omegacentauri.ScreenDim.Full/.ScreenDim]
I/am_pause_activity( 1412): [1081958456,cx.hell.android.pdfview/.ChooseFileActivity]
I/am_on_paused_called( 5969): cx.hell.android.pdfview.ChooseFileActivity
I/am_create_service( 1412): [1084529792,com.amazon.dcp/.ota.OTAService,act=com.amazon.dcp.ota.action.PROCESS_UPDATES,17391]
I/am_destroy_service( 1412): [1084529792,com.amazon.dcp/.ota.OTAService,17391]
I/am_create_service( 1412): [1085123712,com.amazon.kindle.otter/.imagecache.ImageEvictionService,act=evictUneededImages,1494]
I/am_destroy_service( 1412): [1085123712,com.amazon.kindle.otter/.imagecache.ImageEvictionService,1494]
I/am_create_service( 1412): [1083997424,com.amazon.email/.service.MailService,act=com.amazon.email.intent.action.MAIL_SERVICE_CONNECTIVITY_CHANGE,17401]
I/am_create_service( 1412): [1084754520,com.amazon.dcp/.messaging.MessageProcessingSchedulerService,act=com.amazon.dcp.messaging.action.CONNECTIVITY_CHANGE,1542]
I/am_destroy_service( 1412): [1084754520,com.amazon.dcp/.messaging.MessageProcessingSchedulerService,1542]
I/am_create_service( 1412): [1081786736,com.amazon.dcp/.ota.OTAService,act=com.amazon.dcp.ota.action.PROCESS_UPDATES,17391]
I/am_create_service( 1412): [1083501376,com.amazon.email/.service.PushService,act=com.amazon.email.service.PushService.stopService,17401]
I/am_destroy_service( 1412): [1083501376,com.amazon.email/.service.PushService,17401]
I/am_destroy_service( 1412): [1081786736,com.amazon.dcp/.ota.OTAService,17391]
I/am_create_service( 1412): [1084457248,com.amazon.email/.service.PushService,act=com.amazon.email.service.PushService.stopService,17401]
I/am_destroy_service( 1412): [1084457248,com.amazon.email/.service.PushService,17401]
I/am_destroy_service( 1412): [1084564808,com.amazon.avod/.service.SyncService,13993]
I/am_create_service( 1412): [1083489176,com.amazon.dcp/.ota.OTAService,act=com.amazon.dcp.ota.action.PROCESS_UPDATES,17391]
I/am_resume_activity( 1412): [1081958456,57,cx.hell.android.pdfview/.ChooseFileActivity]
I/am_destroy_service( 1412): [1083489176,com.amazon.dcp/.ota.OTAService,17391]
I/am_on_resume_called( 5969): cx.hell.android.pdfview.ChooseFileActivity
I/am_create_service( 1412): [1085218920,com.amazon.email/.service.PushService,act=com.amazon.email.service.PushService.stopService,17401]
I/am_destroy_service( 1412): [1085218920,com.amazon.email/.service.PushService,17401]
I/am_create_service( 1412): [1085204376,com.amazon.email/.service.PushService,act=com.amazon.email.service.PushService.stopService,17401]
I/am_destroy_service( 1412): [1085204376,com.amazon.email/.service.PushService,17401]
I/am_create_service( 1412): [1085200584,com.amazon.email/.service.PushService,act=com.amazon.email.service.PushService.stopService,17401]
I/am_destroy_service( 1412): [1085200584,com.amazon.email/.service.PushService,17401]
I/am_create_service( 1412): [1084989992,com.amazon.email/.service.PushService,act=com.amazon.email.service.PushService.stopService,17401]
I/am_destroy_service( 1412): [1084989992,com.amazon.email/.service.PushService,17401]
I/am_create_service( 1412): [1084959824,com.amazon.dcp/.messaging.MessageProcessingSchedulerService,act=com.amazon.dcp.messaging.action.CONNECTIVITY_CHANGE,1542]
I/am_create_service( 1412): [1084945816,com.amazon.dcp/.ota.InventoryUploadService,act=com.amazon.dcp.ota.action.UPLOAD_INVENTORY,1542]
I/am_create_service( 1412): [1084536848,com.amazon.dcp/.ota.OTAService,act=com.amazon.dcp.ota.action.PROCESS_UPDATES,17391]
I/am_create_service( 1412): [1084521128,com.amazon.kindle/com.amazon.kcp.services.TPHClientService,act=com.amazon.dcp.tph.action.TPHClientInfoProvider,5372]
I/am_create_service( 1412): [1084188112,com.amazon.kindle/com.amazon.kcp.service.ContentActionService,act=com.amazon.kindle.action.SYNC_METADATA,5372]
I/am_create_service( 1412): [1083859888,com.audible.application.kindle/com.amazon.kcp.services.TPHClientService,act=com.amazon.dcp.tph.action.TPHClientInfoProvider,5416]
I/am_create_service( 1412): [1083835304,com.android.providers.downloads/.DownloadService,,5406]
I/am_destroy_service( 1412): [1083859888,com.audible.application.kindle/com.amazon.kcp.services.TPHClientService,5416]
I/am_create_service( 1412): [1083711056,com.amazon.venezia/com.amazon.mas.client.framework.UpdateService,act=com.amazon.mas.client.framework.UpdateService.CONN_CHANGED,17317]
I/am_destroy_service( 1412): [1084188112,com.amazon.kindle/com.amazon.kcp.service.ContentActionService,5372]
I/am_create_service( 1412): [1083625704,com.audible.application.kindle/com.amazon.kcp.service.ContentActionService,act=com.audible.application.kindle.action.SYNC_METADATA,5416]
I/am_destroy_service( 1412): [1083711056,com.amazon.venezia/com.amazon.mas.client.framework.UpdateService,17317]
I/am_destroy_service( 1412): [1084959824,com.amazon.dcp/.messaging.MessageProcessingSchedulerService,1542]
I/am_destroy_service( 1412): [1084521128,com.amazon.kindle/com.amazon.kcp.services.TPHClientService,5372]
I/am_create_service( 1412): [1083484816,com.amazon.email/.service.PushService,act=com.amazon.email.service.PushService.stopService,17401]
I/am_destroy_service( 1412): [1083484816,com.amazon.email/.service.PushService,17401]
I/am_destroy_service( 1412): [1084536848,com.amazon.dcp/.ota.OTAService,17391]
I/am_destroy_service( 1412): [1083625704,com.audible.application.kindle/com.amazon.kcp.service.ContentActionService,5416]
I/am_create_service( 1412): [1082895208,com.amazon.avod/.service.SyncService,,13993]
I/am_destroy_service( 1412): [1083997424,com.amazon.email/.service.MailService,17401]
I/am_create_service( 1412): [1083759856,getjar.android.client/.global.DoStatReceiver,,6103]
I/am_destroy_service( 1412): [1083835304,com.android.providers.downloads/.DownloadService,5406]
I/am_create_service( 1412): [1085530896,com.amazon.dcp/.config.DynamicConfigOptionsChangedService,,1542]
I/am_destroy_service( 1412): [1084945816,com.amazon.dcp/.ota.InventoryUploadService,1542]
I/am_destroy_service( 1412): [1085530896,com.amazon.dcp/.config.DynamicConfigOptionsChangedService,1542]
I/am_destroy_service( 1412): [1083759856,getjar.android.client/.global.DoStatReceiver,6103]
